******************************************************************************
                  TI ARM Linker PC v20.2.7                     
******************************************************************************
>> Linked Sat Nov 30 01:43:26 2024

OUTPUT FILE NAME:   <project.out>
ENTRY POINT SYMBOL: "_c_int00_noargs"  address: 000004f1


MEMORY CONFIGURATION

         name            origin    length      used     unused   attr    fill
----------------------  --------  ---------  --------  --------  ----  --------
  FLASH                 00000000   00040000  0000056c  0003fa94  R  X
  SRAM                  20000000   00008000  00000218  00007de8  RW X


SEGMENT ALLOCATION MAP

run origin  load origin   length   init length attrs members
----------  ----------- ---------- ----------- ----- -------
00000000    00000000    0000056c   0000056c    r-x
  00000000    00000000    0000026c   0000026c    r-- .intvecs
  0000026c    0000026c    000002e8   000002e8    r-x .text
  00000554    00000554    00000004   00000004    r-- .const
  00000558    00000558    00000014   00000014    r-- .cinit
20000000    20000000    00000218   00000000    rw-
  20000000    20000000    00000200   00000000    rw- .stack
  20000200    20000200    00000018   00000000    rw- .bss


SECTION ALLOCATION MAP

 output                                  attributes/
section   page    origin      length       input sections
--------  ----  ----------  ----------   ----------------
.intvecs   0    00000000    0000026c     
                  00000000    0000026c     tm4c123gh6pm_startup_ccs.obj (.intvecs)

.text      0    0000026c    000002e8     
                  0000026c    00000240     main.obj (.text)
                  000004ac    00000044     rtsv7M4_T_le_v4SPD16_eabi.lib : autoinit.c.obj (.text:__TI_auto_init_nobinit_nopinit:__TI_auto_init_nobinit_nopinit)
                  000004f0    00000034                                   : boot_cortex_m.c.obj (.text:_c_int00_noargs:_c_int00_noargs)
                  00000524    0000001c                                   : copy_zero_init.c.obj (.text:decompress:ZI:__TI_zero_init_nomemset:__TI_zero_init_nomemset)
                  00000540    0000000c     tm4c123gh6pm_startup_ccs.obj (.text)
                  0000054c    00000004     rtsv7M4_T_le_v4SPD16_eabi.lib : pre_init.c.obj (.text:_system_pre_init)
                  00000550    00000004                                   : exit.c.obj (.text:abort:abort)

.const     0    00000554    00000004     
                  00000554    00000004     main.obj (.const)

.cinit     0    00000558    00000014     
                  00000558    00000008     (.cinit..bss.load) [load image, compression = zero_init]
                  00000560    00000004     (__TI_handler_table)
                  00000564    00000008     (__TI_cinit_table)

.init_array 
*          0    00000000    00000000     UNINITIALIZED

.bss       0    20000200    00000018     UNINITIALIZED
                  20000200    00000004     (.common:endTime)
                  20000204    00000004     (.common:freq)
                  20000208    00000004     (.common:period)
                  2000020c    00000004     (.common:startTime)
                  20000210    00000004     (.common:tick)
                  20000214    00000004     (.common:timePeriod)

.stack     0    20000000    00000200     UNINITIALIZED
                  20000000    00000004     rtsv7M4_T_le_v4SPD16_eabi.lib : boot_cortex_m.c.obj (.stack)
                  20000004    000001fc     --HOLE--

__llvm_prf_cnts 
*          0    20000000    00000000     UNINITIALIZED

MODULE SUMMARY

       Module                         code   ro data   rw data
       ------                         ----   -------   -------
    .\
       tm4c123gh6pm_startup_ccs.obj   12     620       0      
       main.obj                       576    4         24     
    +--+------------------------------+------+---------+---------+
       Total:                         588    624       24     
                                                              
    C:\ti\ccs1271\ccs\tools\compiler\ti-cgt-arm_20.2.7.LTS\lib\rtsv7M4_T_le_v4SPD16_eabi.lib
       autoinit.c.obj                 68     0         0      
       boot_cortex_m.c.obj            52     0         0      
       copy_zero_init.c.obj           28     0         0      
       exit.c.obj                     4      0         0      
       pre_init.c.obj                 4      0         0      
    +--+------------------------------+------+---------+---------+
       Total:                         156    0         0      
                                                              
       Stack:                         0      0         512    
       Linker Generated:              0      20        0      
    +--+------------------------------+------+---------+---------+
       Grand Total:                   744    644       536    


LINKER GENERATED COPY TABLES

__TI_cinit_table @ 00000564 records: 1, size/record: 8, table size: 8
	.bss: load addr=00000558, load size=00000008 bytes, run addr=20000200, run size=00000018 bytes, compression=zero_init


LINKER GENERATED HANDLER TABLE

__TI_handler_table @ 00000560 records: 1, size/record: 4, table size: 4
	index: 0, handler: __TI_zero_init


GLOBAL SYMBOLS: SORTED ALPHABETICALLY BY Name 

address   name                          
-------   ----                          
00000551  C$$EXIT                       
00000371  Delay_ms                      
0000031b  MeasurePeriod                 
000002b1  PortB_Init                    
000002e9  PortF_Init                    
00000541  ResetISR                      
0000026d  Timer1_Init                   
20000200  __STACK_END                   
00000200  __STACK_SIZE                  
20000200  __STACK_TOP                   
00000564  __TI_CINIT_Base               
0000056c  __TI_CINIT_Limit              
00000560  __TI_Handler_Table_Base       
00000564  __TI_Handler_Table_Limit      
000004ad  __TI_auto_init_nobinit_nopinit
ffffffff  __TI_pprof_out_hndl           
ffffffff  __TI_prof_data_size           
ffffffff  __TI_prof_data_start          
00000000  __TI_static_base__            
00000525  __TI_zero_init_nomemset       
ffffffff  __binit__                     
ffffffff  __c_args__                    
UNDEFED   __mpu_init                    
20000000  __stack                       
20000000  __start___llvm_prf_cnts       
20000000  __stop___llvm_prf_cnts        
000004f1  _c_int00_noargs               
UNDEFED   _system_post_cinit            
0000054d  _system_pre_init              
00000551  abort                         
ffffffff  binit                         
20000200  endTime                       
20000204  freq                          
00000000  g_pfnVectors                  
00000395  main                          
20000208  period                        
2000020c  startTime                     
20000210  tick                          
00000554  timePerTick                   
20000214  timePeriod                    


GLOBAL SYMBOLS: SORTED BY Symbol Address 

address   name                          
-------   ----                          
00000000  __TI_static_base__            
00000000  g_pfnVectors                  
00000200  __STACK_SIZE                  
0000026d  Timer1_Init                   
000002b1  PortB_Init                    
000002e9  PortF_Init                    
0000031b  MeasurePeriod                 
00000371  Delay_ms                      
00000395  main                          
000004ad  __TI_auto_init_nobinit_nopinit
000004f1  _c_int00_noargs               
00000525  __TI_zero_init_nomemset       
00000541  ResetISR                      
0000054d  _system_pre_init              
00000551  C$$EXIT                       
00000551  abort                         
00000554  timePerTick                   
00000560  __TI_Handler_Table_Base       
00000564  __TI_CINIT_Base               
00000564  __TI_Handler_Table_Limit      
0000056c  __TI_CINIT_Limit              
20000000  __stack                       
20000000  __start___llvm_prf_cnts       
20000000  __stop___llvm_prf_cnts        
20000200  __STACK_END                   
20000200  __STACK_TOP                   
20000200  endTime                       
20000204  freq                          
20000208  period                        
2000020c  startTime                     
20000210  tick                          
20000214  timePeriod                    
ffffffff  __TI_pprof_out_hndl           
ffffffff  __TI_prof_data_size           
ffffffff  __TI_prof_data_start          
ffffffff  __binit__                     
ffffffff  __c_args__                    
ffffffff  binit                         
UNDEFED   __mpu_init                    
UNDEFED   _system_post_cinit            

[40 symbols]
